  Determining projects to restore...
C:\Program Files\dotnet\sdk\10.0.100-preview.5.25277.114\Sdks\Microsoft.NET.Sdk\targets\Microsoft.NET.EolTargetFrameworks.targets(32,5): warning NETSDK1138: The target framework 'net7.0-windows' is out of support and will not receive security updates in the future. Please refer to https://aka.ms/dotnet-core-support for more information about the support policy. [C:\Development Apps\Cascades projects\Oven-Delights-ERP\Oven-Delights-ERP\Oven-Delights-ERP.vbproj]
C:\Program Files\dotnet\sdk\10.0.100-preview.5.25277.114\Sdks\Microsoft.NET.Sdk\targets\Microsoft.NET.EolTargetFrameworks.targets(32,5): warning NETSDK1138: The target framework 'net7.0-windows' is out of support and will not receive security updates in the future. Please refer to https://aka.ms/dotnet-core-support for more information about the support policy. [C:\Development Apps\Cascades projects\Oven-Delights-ERP\Oven-Delights-ERP\Oven-Delights-ERP.vbproj]
C:\Development Apps\Cascades projects\Oven-Delights-ERP\Oven-Delights-ERP\Oven-Delights-ERP.vbproj : warning NU1902: Package 'System.IdentityModel.Tokens.Jwt' 7.0.3 has a known moderate severity vulnerability, https://github.com/advisories/GHSA-59j7-ghrg-fj52
  Restored C:\Development Apps\Cascades projects\Oven-Delights-ERP\Oven-Delights-ERP\Oven-Delights-ERP.vbproj (in 1.33 sec).
C:\Program Files\dotnet\sdk\10.0.100-preview.5.25277.114\Sdks\Microsoft.NET.Sdk\targets\Microsoft.NET.EolTargetFrameworks.targets(32,5): warning NETSDK1138: The target framework 'net7.0-windows' is out of support and will not receive security updates in the future. Please refer to https://aka.ms/dotnet-core-support for more information about the support policy. [C:\Development Apps\Cascades projects\Oven-Delights-ERP\Oven-Delights-ERP\Oven-Delights-ERP.vbproj]
C:\Program Files\dotnet\sdk\10.0.100-preview.5.25277.114\Sdks\Microsoft.NET.Sdk\targets\Microsoft.NET.RuntimeIdentifierInference.targets(326,5): message NETSDK1057: You are using a preview version of .NET. See: https://aka.ms/dotnet-support-policy [C:\Development Apps\Cascades projects\Oven-Delights-ERP\Oven-Delights-ERP\Oven-Delights-ERP.vbproj]
C:\Development Apps\Cascades projects\Oven-Delights-ERP\Oven-Delights-ERP\Oven-Delights-ERP.vbproj : warning NU1902: Package 'System.IdentityModel.Tokens.Jwt' 7.0.3 has a known moderate severity vulnerability, https://github.com/advisories/GHSA-59j7-ghrg-fj52
C:\Development Apps\Cascades projects\Oven-Delights-ERP\Oven-Delights-ERP\MainDashboard.vb(276,22): error BC30269: 'Private Function EnsureTopMenu(text As String) As ToolStripMenuItem' has multiple definitions with identical signatures. [C:\Development Apps\Cascades projects\Oven-Delights-ERP\Oven-Delights-ERP\Oven-Delights-ERP.vbproj]

Build FAILED.

C:\Program Files\dotnet\sdk\10.0.100-preview.5.25277.114\Sdks\Microsoft.NET.Sdk\targets\Microsoft.NET.EolTargetFrameworks.targets(32,5): warning NETSDK1138: The target framework 'net7.0-windows' is out of support and will not receive security updates in the future. Please refer to https://aka.ms/dotnet-core-support for more information about the support policy. [C:\Development Apps\Cascades projects\Oven-Delights-ERP\Oven-Delights-ERP\Oven-Delights-ERP.vbproj]
C:\Program Files\dotnet\sdk\10.0.100-preview.5.25277.114\Sdks\Microsoft.NET.Sdk\targets\Microsoft.NET.EolTargetFrameworks.targets(32,5): warning NETSDK1138: The target framework 'net7.0-windows' is out of support and will not receive security updates in the future. Please refer to https://aka.ms/dotnet-core-support for more information about the support policy. [C:\Development Apps\Cascades projects\Oven-Delights-ERP\Oven-Delights-ERP\Oven-Delights-ERP.vbproj]
C:\Development Apps\Cascades projects\Oven-Delights-ERP\Oven-Delights-ERP\Oven-Delights-ERP.vbproj : warning NU1902: Package 'System.IdentityModel.Tokens.Jwt' 7.0.3 has a known moderate severity vulnerability, https://github.com/advisories/GHSA-59j7-ghrg-fj52
C:\Program Files\dotnet\sdk\10.0.100-preview.5.25277.114\Sdks\Microsoft.NET.Sdk\targets\Microsoft.NET.EolTargetFrameworks.targets(32,5): warning NETSDK1138: The target framework 'net7.0-windows' is out of support and will not receive security updates in the future. Please refer to https://aka.ms/dotnet-core-support for more information about the support policy. [C:\Development Apps\Cascades projects\Oven-Delights-ERP\Oven-Delights-ERP\Oven-Delights-ERP.vbproj]
C:\Development Apps\Cascades projects\Oven-Delights-ERP\Oven-Delights-ERP\Oven-Delights-ERP.vbproj : warning NU1902: Package 'System.IdentityModel.Tokens.Jwt' 7.0.3 has a known moderate severity vulnerability, https://github.com/advisories/GHSA-59j7-ghrg-fj52
C:\Development Apps\Cascades projects\Oven-Delights-ERP\Oven-Delights-ERP\MainDashboard.vb(276,22): error BC30269: 'Private Function EnsureTopMenu(text As String) As ToolStripMenuItem' has multiple definitions with identical signatures. [C:\Development Apps\Cascades projects\Oven-Delights-ERP\Oven-Delights-ERP\Oven-Delights-ERP.vbproj]
    5 Warning(s)
    1 Error(s)

Time Elapsed 00:00:07.89
